[    0.000000] Initializing cgroup subsys cpuset
[    0.000000] Initializing cgroup subsys cpu
[    0.000000] Initializing cgroup subsys cpuacct
[    0.000000] Linux version 4.4.0-179-generic (buildd@lcy01-amd64-014) (gcc version 5.4.0 20160609 (Ubuntu 5.4.0-6ubuntu1~16.04.12) ) #209-Ubuntu SMP Fri Apr 24 17:48:44 UTC 2020 (Ubuntu 4.4.0-179.209-generic 4.4.219)
[    0.000000] Command line: BOOT_IMAGE=/boot/vmlinuz-4.4.0-179-generic root=UUID=3ec9c697-57a3-436c-b96d-029b3a1fefd5 ro console=tty1 console=ttyS0
[    0.000000] KERNEL supported cpus:
[    0.000000]   Intel GenuineIntel
[    0.000000]   AMD AuthenticAMD
[    0.000000]   Centaur CentaurHauls
[    0.000000] [Firmware Bug]: TSC doesn't count with P0 frequency!
[    0.000000] x86/fpu: xstate_offset[2]:  576, xstate_sizes[2]:  256
[    0.000000] x86/fpu: Supporting XSAVE feature 0x01: 'x87 floating point registers'
[    0.000000] x86/fpu: Supporting XSAVE feature 0x02: 'SSE registers'
[    0.000000] x86/fpu: Supporting XSAVE feature 0x04: 'AVX registers'
[    0.000000] x86/fpu: Enabled xstate features 0x7, context size is 832 bytes, using 'standard' format.
[    0.000000] e820: BIOS-provided physical RAM map:
[    0.000000] BIOS-e820: [mem 0x0000000000000000-0x000000000009fbff] usable
[    0.000000] BIOS-e820: [mem 0x000000000009fc00-0x000000000009ffff] reserved
[    0.000000] BIOS-e820: [mem 0x00000000000f0000-0x00000000000fffff] reserved
[    0.000000] BIOS-e820: [mem 0x0000000000100000-0x000000003ffeffff] usable
[    0.000000] BIOS-e820: [mem 0x000000003fff0000-0x000000003fffffff] ACPI data
[    0.000000] BIOS-e820: [mem 0x00000000fec00000-0x00000000fec00fff] reserved
[    0.000000] BIOS-e820: [mem 0x00000000fee00000-0x00000000fee00fff] reserved
[    0.000000] BIOS-e820: [mem 0x00000000fffc0000-0x00000000ffffffff] reserved
[    0.000000] NX (Execute Disable) protection: active
[    0.000000] SMBIOS 2.5 present.
[    0.000000] Hypervisor detected: KVM
[    0.000000] Kernel/User page tables isolation: disabled
[    0.000000] e820: last_pfn = 0x3fff0 max_arch_pfn = 0x400000000
[    0.000000] MTRR: Disabled
[    0.000000] x86/PAT: MTRRs disabled, skipping PAT initialization too.
[    0.000000] CPU MTRRs all blank - virtualized system.
[    0.000000] x86/PAT: Configuration [0-7]: WB  WT  UC- UC  WB  WT  UC- UC  
[    0.000000] found SMP MP-table at [mem 0x0009fff0-0x0009ffff] mapped at [ffff88000009fff0]
[    0.000000] Scanning 1 areas for low memory corruption
[    0.000000] RAMDISK: [mem 0x361c8000-0x370dbfff]
[    0.000000] ACPI: Early table checksum verification disabled
[    0.000000] ACPI: RSDP 0x00000000000E0000 000024 (v02 VBOX  )
[    0.000000] ACPI: XSDT 0x000000003FFF0030 00003C (v01 VBOX   VBOXXSDT 00000001 ASL  00000061)
[    0.000000] ACPI: FACP 0x000000003FFF00F0 0000F4 (v04 VBOX   VBOXFACP 00000001 ASL  00000061)
[    0.000000] ACPI: DSDT 0x000000003FFF0470 002325 (v02 VBOX   VBOXBIOS 00000002 INTL 20100528)
[    0.000000] ACPI: FACS 0x000000003FFF0200 000040
[    0.000000] ACPI: FACS 0x000000003FFF0200 000040
[    0.000000] ACPI: APIC 0x000000003FFF0240 00005C (v02 VBOX   VBOXAPIC 00000001 ASL  00000061)
[    0.000000] ACPI: SSDT 0x000000003FFF02A0 0001CC (v01 VBOX   VBOXCPUT 00000002 INTL 20100528)
[    0.000000] No NUMA configuration found
[    0.000000] Faking a node at [mem 0x0000000000000000-0x000000003ffeffff]
[    0.000000] NODE_DATA(0) allocated [mem 0x3ffeb000-0x3ffeffff]
[    0.000000] kvm-clock: Using msrs 4b564d01 and 4b564d00
[    0.000000] kvm-clock: cpu 0, msr 0:3ffe3001, primary cpu clock
[    0.000000] kvm-clock: using sched offset of 14681389441 cycles
[    0.000000] clocksource: kvm-clock: mask: 0xffffffffffffffff max_cycles: 0x1cd42e4dffb, max_idle_ns: 881590591483 ns
[    0.000000] Zone ranges:
[    0.000000]   DMA      [mem 0x0000000000001000-0x0000000000ffffff]
[    0.000000]   DMA32    [mem 0x0000000001000000-0x000000003ffeffff]
[    0.000000]   Normal   empty
[    0.000000]   Device   empty
[    0.000000] Movable zone start for each node
[    0.000000] Early memory node ranges
[    0.000000]   node   0: [mem 0x0000000000001000-0x000000000009efff]
[    0.000000]   node   0: [mem 0x0000000000100000-0x000000003ffeffff]
[    0.000000] Initmem setup node 0 [mem 0x0000000000001000-0x000000003ffeffff]
[    0.000000] ACPI: PM-Timer IO Port: 0x4008
[    0.000000] IOAPIC[0]: apic_id 2, version 32, address 0xfec00000, GSI 0-23
[    0.000000] ACPI: INT_SRC_OVR (bus 0 bus_irq 0 global_irq 2 dfl dfl)
[    0.000000] ACPI: INT_SRC_OVR (bus 0 bus_irq 9 global_irq 9 low level)
[    0.000000] Using ACPI (MADT) for SMP configuration information
[    0.000000] smpboot: Allowing 2 CPUs, 0 hotplug CPUs
[    0.000000] PM: Registered nosave memory: [mem 0x00000000-0x00000fff]
[    0.000000] PM: Registered nosave memory: [mem 0x0009f000-0x0009ffff]
[    0.000000] PM: Registered nosave memory: [mem 0x000a0000-0x000effff]
[    0.000000] PM: Registered nosave memory: [mem 0x000f0000-0x000fffff]
[    0.000000] e820: [mem 0x40000000-0xfebfffff] available for PCI devices
[    0.000000] Booting paravirtualized kernel on KVM
[    0.000000] clocksource: refined-jiffies: mask: 0xffffffff max_cycles: 0xffffffff, max_idle_ns: 7645519600211568 ns
[    0.000000] setup_percpu: NR_CPUS:512 nr_cpumask_bits:512 nr_cpu_ids:2 nr_node_ids:1
[    0.000000] PERCPU: Embedded 33 pages/cpu @ffff88003fc00000 s95448 r8192 d31528 u1048576
[    0.000000] Built 1 zonelists in Node order, mobility grouping on.  Total pages: 257912
[    0.000000] Policy zone: DMA32
[    0.000000] Kernel command line: BOOT_IMAGE=/boot/vmlinuz-4.4.0-179-generic root=UUID=3ec9c697-57a3-436c-b96d-029b3a1fefd5 ro console=tty1 console=ttyS0
[    0.000000] PID hash table entries: 4096 (order: 3, 32768 bytes)
[    0.000000] Memory: 997112K/1048120K available (8630K kernel code, 1336K rwdata, 4036K rodata, 1488K init, 1292K bss, 51008K reserved, 0K cma-reserved)
[    0.000000] SLUB: HWalign=64, Order=0-3, MinObjects=0, CPUs=2, Nodes=1
[    0.000000] Hierarchical RCU implementation.
[    0.000000] 	Build-time adjustment of leaf fanout to 64.
[    0.000000] 	RCU restricting CPUs from NR_CPUS=512 to nr_cpu_ids=2.
[    0.000000] RCU: Adjusting geometry for rcu_fanout_leaf=64, nr_cpu_ids=2
[    0.000000] NR_IRQS:33024 nr_irqs:440 16
[    0.000000] Console: colour VGA+ 80x25
[    0.000000] console [tty1] enabled
[    0.000000] console [ttyS0] enabled
[    0.000000] tsc: Detected 1497.192 MHz processor
[    0.638499] Calibrating delay loop (skipped) preset value.. 2994.38 BogoMIPS (lpj=5988768)
[    0.645482] pid_max: default: 32768 minimum: 301
[    0.650125] ACPI: Core revision 20150930
[    0.658255] ACPI: 2 ACPI AML tables successfully acquired and loaded
[    0.663565] Security Framework initialized
[    0.668004] Yama: becoming mindful.
[    0.671858] AppArmor: AppArmor initialized
[    0.675620] Dentry cache hash table entries: 131072 (order: 8, 1048576 bytes)
[    0.681944] Inode-cache hash table entries: 65536 (order: 7, 524288 bytes)
[    0.695634] Mount-cache hash table entries: 2048 (order: 2, 16384 bytes)
[    0.703078] Mountpoint-cache hash table entries: 2048 (order: 2, 16384 bytes)
[    0.709142] Initializing cgroup subsys io
[    0.712930] Initializing cgroup subsys memory
[    0.716795] Initializing cgroup subsys devices
[    0.722523] Initializing cgroup subsys freezer
[    0.726226] Initializing cgroup subsys net_cls
[    0.730048] Initializing cgroup subsys perf_event
[    0.735737] Initializing cgroup subsys net_prio
[    0.739637] Initializing cgroup subsys hugetlb
[    0.743591] Initializing cgroup subsys pids
[    0.747928] BIOS may not properly restore RDRAND after suspend, but hypervisor does not support hiding RDRAND via CPUID.
[    0.757613] Disabling Indirect Branch Predictor Support
[    0.783115] mce: CPU supports 0 MCE banks
[    0.787890] Last level iTLB entries: 4KB 512, 2MB 8, 4MB 4
[    0.792240] Last level dTLB entries: 4KB 512, 2MB 256, 4MB 128, 1GB 0
[    0.797741] Spectre V1 : Mitigation: usercopy/swapgs barriers and __user pointer sanitization
[    0.806941] Spectre V2 : Spectre mitigation: LFENCE not serializing, switching to generic retpoline
[    0.814069] Spectre V2 : Mitigation: Full generic retpoline
[    0.819557] Spectre V2 : Spectre v2 / SpectreRSB mitigation: Filling RSB on context switch
[    0.826163] Speculative Store Bypass: Mitigation: Speculative Store Bypass disabled via prctl and seccomp
[    0.845000] Freeing SMP alternatives memory: 36K
[    0.874866] ftrace: allocating 32313 entries in 127 pages
[    1.112627] smpboot: APIC(0) Converting physical 0 to logical package 0
[    1.117865] smpboot: Max logical packages: 1
[    1.123010] x2apic enabled
[    1.126575] Switched APIC routing to physical x2apic.
[    1.134829] ..TIMER: vector=0x30 apic1=0 pin1=2 apic2=-1 pin2=-1
[    1.247632] smpboot: CPU0: AMD E2-6110 APU with AMD Radeon R2 Graphics (family: 0x16, model: 0x30, stepping: 0x1)
[    1.255698] Performance Events: Broken PMU hardware detected, using software events only.
[    1.264377] Failed to access perfctr msr (MSR c0010007 is 0)
[    1.396622] KVM setup paravirtual spinlock
[    1.408053] x86: Booting SMP configuration:
[    1.413968] .... node  #0, CPUs:      #1
[    1.420282] kvm-clock: cpu 1, msr 0:3ffe3041, secondary cpu clock
[    1.471640] mce: CPU supports 0 MCE banks
[    1.481217] x86: Booted up 1 node, 2 CPUs
[    1.492763] smpboot: Total of 2 processors activated (5988.76 BogoMIPS)
[    1.505246] devtmpfs: initialized
[    1.522069] evm: security.selinux
[    1.527150] evm: security.SMACK64
[    1.539433] evm: security.SMACK64EXEC
[    1.543205] evm: security.SMACK64TRANSMUTE
[    1.548917] evm: security.SMACK64MMAP
[    1.556441] evm: security.ima
[    1.559720] evm: security.capability
[    1.579169] clocksource: jiffies: mask: 0xffffffff max_cycles: 0xffffffff, max_idle_ns: 7645041785100000 ns
[    1.589538] futex hash table entries: 512 (order: 3, 32768 bytes)
[    1.595367] pinctrl core: initialized pinctrl subsystem
[    1.600499] RTC time:  5:10:54, date: 05/24/20
[    1.609575] NET: Registered protocol family 16
[    1.624439] cpuidle: using governor ladder
[    1.640019] cpuidle: using governor menu
[    1.643573] PCCT header not found.
[    1.648867] ACPI: bus type PCI registered
[    1.653148] acpiphp: ACPI Hot Plug PCI Controller Driver version: 0.5
[    1.658966] PCI: Using configuration type 1 for base access
[    1.666556] PCI: Using configuration type 1 for extended access
[    1.733984] ACPI: Added _OSI(Module Device)
[    1.826820] ACPI: Added _OSI(Processor Device)
[    1.890740] ACPI: Added _OSI(3.0 _SCP Extensions)
[    1.907624] ACPI: Added _OSI(Processor Aggregator Device)
[    1.957764] ACPI: Executed 1 blocks of module-level executable AML code
[    1.981645] ACPI: Interpreter enabled
[    1.987315] ACPI: (supports S0 S5)
[    1.992663] ACPI: Using IOAPIC for interrupt routing
[    1.999276] PCI: Using host bridge windows from ACPI; if necessary, use "pci=nocrs" and report a bug
[    2.024280] ACPI: PCI Root Bridge [PCI0] (domain 0000 [bus 00-ff])
[    2.041922] acpi PNP0A03:00: _OSC: OS supports [ExtendedConfig ASPM ClockPM Segments MSI]
[    2.070330] acpi PNP0A03:00: _OSC: platform does not support [PCIeCapability]
[    2.088849] acpi PNP0A03:00: _OSC: not requesting control; platform does not support [PCIeCapability]
[    2.103739] acpi PNP0A03:00: _OSC: OS requested [PCIeHotplug PME AER PCIeCapability]
[    2.120951] acpi PNP0A03:00: _OSC: platform willing to grant [PCIeHotplug PME AER]
[    2.186270] acpi PNP0A03:00: _OSC failed (AE_SUPPORT); disabling ASPM
[    2.203013] PCI host bridge to bus 0000:00
[    2.207541] pci_bus 0000:00: root bus resource [io  0x0000-0x0cf7 window]
[    2.220534] pci_bus 0000:00: root bus resource [io  0x0d00-0xffff window]
[    2.234730] pci_bus 0000:00: root bus resource [mem 0x000a0000-0x000bffff window]
[    2.241955] pci_bus 0000:00: root bus resource [mem 0x40000000-0xfdffffff window]
[    2.253909] pci_bus 0000:00: root bus resource [bus 00-ff]
[    2.270256] pci 0000:00:01.1: legacy IDE quirk: reg 0x10: [io  0x01f0-0x01f7]
[    2.276409] pci 0000:00:01.1: legacy IDE quirk: reg 0x14: [io  0x03f6]
[    2.285276] pci 0000:00:01.1: legacy IDE quirk: reg 0x18: [io  0x0170-0x0177]
[    2.291705] pci 0000:00:01.1: legacy IDE quirk: reg 0x1c: [io  0x0376]
[    2.379649] pci 0000:00:07.0: quirk: [io  0x4000-0x403f] claimed by PIIX4 ACPI
[    2.386613] pci 0000:00:07.0: quirk: [io  0x4100-0x410f] claimed by PIIX4 SMB
[    2.447782] ACPI: PCI Interrupt Link [LNKA] (IRQs 5 9 10 *11)
[    2.455637] ACPI: PCI Interrupt Link [LNKB] (IRQs 5 9 *10 11)
[    2.462747] ACPI: PCI Interrupt Link [LNKC] (IRQs 5 *9 10 11)
[    2.471364] ACPI: PCI Interrupt Link [LNKD] (IRQs 5 9 10 *11)
[    2.478585] ACPI: Enabled 2 GPEs in block 00 to 07
[    2.488092] vgaarb: setting as boot device: PCI:0000:00:02.0
[    2.492714] vgaarb: device added: PCI:0000:00:02.0,decodes=io+mem,owns=io+mem,locks=none
[    2.501495] vgaarb: loaded
[    2.504552] vgaarb: bridge control possible 0000:00:02.0
[    2.510179] SCSI subsystem initialized
[    2.515348] ACPI: bus type USB registered
[    2.519005] usbcore: registered new interface driver usbfs
[    2.523586] usbcore: registered new interface driver hub
[    2.528016] usbcore: registered new device driver usb
[    2.534754] PCI: Using ACPI for IRQ routing
[    2.539678] NetLabel: Initializing
[    2.543205] NetLabel:  domain hash size = 128
[    2.549168] NetLabel:  protocols = UNLABELED CIPSOv4
[    2.554216] NetLabel:  unlabeled traffic allowed by default
[    2.559488] amd_nb: Cannot enumerate AMD northbridges
[    2.566198] clocksource: Switched to clocksource kvm-clock
[    2.609580] AppArmor: AppArmor Filesystem Enabled
[    2.615596] pnp: PnP ACPI init
[    2.622782] pnp: PnP ACPI: found 3 devices
[    2.651496] clocksource: acpi_pm: mask: 0xffffff max_cycles: 0xffffff, max_idle_ns: 2085701024 ns
[    2.658874] NET: Registered protocol family 2
[    2.663362] TCP established hash table entries: 8192 (order: 4, 65536 bytes)
[    2.669083] TCP bind hash table entries: 8192 (order: 5, 131072 bytes)
[    2.674286] TCP: Hash tables configured (established 8192 bind 8192)
[    2.680986] UDP hash table entries: 512 (order: 2, 16384 bytes)
[    2.686350] UDP-Lite hash table entries: 512 (order: 2, 16384 bytes)
[    2.692236] NET: Registered protocol family 1
[    2.696858] pci 0000:00:00.0: Limiting direct PCI/PCI transfers
[    2.702502] pci 0000:00:01.0: Activating ISA DMA hang workarounds
[    2.716032] Unpacking initramfs...
[    4.002610] Freeing initrd memory: 15440K
[    4.006584] clocksource: tsc: mask: 0xffffffffffffffff max_cycles: 0x1594c60bad9, max_idle_ns: 440795256279 ns
[    4.017233] platform rtc_cmos: registered platform RTC device (no PNP device found)
[    4.026896] Scanning for low memory corruption every 60 seconds
[    4.034705] audit: initializing netlink subsys (disabled)
[    4.039363] audit: type=2000 audit(1590297071.914:1): initialized
[    4.046698] Initialise system trusted keyring
[    4.051610] HugeTLB registered 2 MB page size, pre-allocated 0 pages
[    4.064837] zbud: loaded
[    4.069991] VFS: Disk quotas dquot_6.6.0
[    4.073553] VFS: Dquot-cache hash table entries: 512 (order 0, 4096 bytes)
[    4.080851] squashfs: version 4.0 (2009/01/31) Phillip Lougher
[    4.087573] fuse init (API version 7.23)
[    4.093898] Key type big_key registered
[    4.100634] Allocating IMA MOK and blacklist keyrings.
[    4.113636] Key type asymmetric registered
[    4.119918] Asymmetric key parser 'x509' registered
[    4.124616] Block layer SCSI generic (bsg) driver version 0.4 loaded (major 249)
[    4.134048] io scheduler noop registered
[    4.137929] io scheduler deadline registered (default)
[    4.142913] io scheduler cfq registered
[    4.147646] pci_hotplug: PCI Hot Plug PCI Core version: 0.5
[    4.153189] pciehp: PCI Express Hot Plug Controller Driver version: 0.4
[    4.159238] ACPI: AC Adapter [AC] (off-line)
[    4.165037] input: Power Button as /devices/LNXSYSTM:00/LNXPWRBN:00/input/input0
[    4.172898] ACPI: Power Button [PWRF]
[    4.180589] input: Sleep Button as /devices/LNXSYSTM:00/LNXSLPBN:00/input/input1
[    4.187916] ACPI: Sleep Button [SLPF]
[    4.192954] GHES: HEST is not enabled!
[    4.198837] Serial: 8250/16550 driver, 32 ports, IRQ sharing enabled
[    4.200488] ACPI: Battery Slot [BAT0] (battery present)
[    4.241134] 00:02: ttyS0 at I/O 0x3f8 (irq = 4, base_baud = 115200) is a 16550A
[    4.345193] Linux agpgart interface v0.103
[    4.367261] loop: module loaded
[    4.375250] scsi host0: ata_piix
[    4.380928] scsi host1: ata_piix
[    4.385303] ata1: PATA max UDMA/33 cmd 0x1f0 ctl 0x3f6 bmdma 0xd000 irq 14
[    4.399423] ata2: PATA max UDMA/33 cmd 0x170 ctl 0x376 bmdma 0xd008 irq 15
[    4.418729] libphy: Fixed MDIO Bus: probed
[    4.426367] tun: Universal TUN/TAP device driver, 1.6
[    4.434210] tun: (C) 1999-2004 Max Krasnyansky <maxk@qualcomm.com>
[    4.449929] PPP generic driver version 2.4.2
[    4.456457] ehci_hcd: USB 2.0 'Enhanced' Host Controller (EHCI) Driver
[    4.486784] ehci-pci: EHCI PCI platform driver
[    4.508101] ehci-platform: EHCI generic platform driver
[    4.531889] ohci_hcd: USB 1.1 'Open' Host Controller (OHCI) Driver
[    4.539149] ohci-pci: OHCI PCI platform driver
[    4.545623] ohci-platform: OHCI generic platform driver
[    4.572744] uhci_hcd: USB Universal Host Controller Interface driver
[    4.612019] i8042: PNP: PS/2 Controller [PNP0303:PS2K,PNP0f03:PS2M] at 0x60,0x64 irq 1,12
[    4.621669] serio: i8042 KBD port at 0x60,0x64 irq 1
[    4.661860] serio: i8042 AUX port at 0x60,0x64 irq 12
[    4.716153] mousedev: PS/2 mouse device common for all mice
[    4.723006] input: AT Translated Set 2 keyboard as /devices/platform/i8042/serio0/input/input2
[    4.734382] rtc_cmos rtc_cmos: rtc core: registered rtc_cmos as rtc0
[    4.740334] rtc_cmos rtc_cmos: alarms up to one day, 114 bytes nvram
[    4.748162] i2c /dev entries driver
[    4.751799] device-mapper: uevent: version 1.0.3
[    4.777525] device-mapper: ioctl: 4.34.0-ioctl (2015-10-28) initialised: dm-devel@redhat.com
[    4.786982] ledtrig-cpu: registered to indicate activity on CPUs
[    4.795428] x86/pm: family 0x16 cpu detected, MSR saving is needed during suspending.
[    4.805976] NET: Registered protocol family 10
[    4.814753] NET: Registered protocol family 17
[    4.849643] Key type dns_resolver registered
[    4.874147] registered taskstats version 1
[    4.879292] Loading compiled-in X.509 certificates
[    4.886381] Loaded X.509 cert 'Build time autogenerated kernel key: a9e5689415cbbea5b40a198600f217117afda70c'
[    4.895570] zswap: loaded using pool lzo/zbud
[    4.916454] Key type trusted registered
[    4.944765] Key type encrypted registered
[    4.949225] AppArmor: AppArmor sha1 policy hashing enabled
[    4.962727] ima: No TPM chip found, activating TPM-bypass!
[    4.972089] ima: Allocated hash algorithm: sha1
[    4.980188] evm: HMAC attrs: 0x1
[    4.993648]   Magic number: 4:940:163
[    5.002164] rtc_cmos rtc_cmos: setting system clock to 2020-05-24 05:10:57 UTC (1590297057)
[    5.021290] BIOS EDD facility v0.16 2004-Jun-25, 0 devices found
[    5.027882] EDD information not available.
[    5.054709] Freeing unused kernel memory: 1488K
[    5.082560] Write protecting the kernel read-only data: 14336k
[    5.100744] Freeing unused kernel memory: 1600K
[    5.105647] Freeing unused kernel memory: 60K
Loading, please wait...
starting version 229
[    5.210194] random: systemd-udevd: uninitialized urandom read (16 bytes read, 3 bits of entropy available)
[    5.221005] random: systemd-udevd: uninitialized urandom read (16 bytes read, 3 bits of entropy available)
[    5.221650] random: udevadm: uninitialized urandom read (16 bytes read, 3 bits of entropy available)
[    5.221753] random: udevadm: uninitialized urandom read (16 bytes read, 3 bits of entropy available)
[    5.253928] random: systemd-udevd: uninitialized urandom read (16 bytes read, 3 bits of entropy available)
[    5.267039] random: systemd-udevd: uninitialized urandom read (16 bytes read, 3 bits of entropy available)
[    5.295442] random: systemd-udevd: uninitialized urandom read (16 bytes read, 3 bits of entropy available)
[    5.301338] random: udevadm: uninitialized urandom read (16 bytes read, 3 bits of entropy available)
[    5.301512] random: udevadm: uninitialized urandom read (16 bytes read, 3 bits of entropy available)
[    5.302817] random: udevadm: uninitialized urandom read (16 bytes read, 3 bits of entropy available)
[    5.631655] e1000: Intel(R) PRO/1000 Network Driver - version 7.3.21-k8-NAPI
[    5.637191] e1000: Copyright (c) 1999-2006 Intel Corporation.
[    5.645712] Fusion MPT base driver 3.04.20
[    5.649414] Copyright (c) 1999-2008 LSI Corporation
[    5.673331] Fusion MPT SPI Host driver 3.04.20
[    5.997426] input: ImExPS/2 Generic Explorer Mouse as /devices/platform/i8042/serio1/input/input4
[    5.999295] AVX version of gcm_enc/dec engaged.
[    5.999297] AES CTR mode by8 optimization enabled
[    7.349273] e1000 0000:00:03.0 eth0: (PCI:33MHz:32-bit) 02:0a:da:58:a4:e2
[    7.356042] e1000 0000:00:03.0 eth0: Intel(R) PRO/1000 Network Connection
[    8.487737] e1000 0000:00:08.0 eth1: (PCI:33MHz:32-bit) 08:00:27:e6:05:d4
[    8.492974] e1000 0000:00:08.0 eth1: Intel(R) PRO/1000 Network Connection
[    8.549984] e1000 0000:00:03.0 enp0s3: renamed from eth0
[    8.555590] mptbase: ioc0: Initiating bringup
[    8.573196] e1000 0000:00:08.0 enp0s8: renamed from eth1
[    8.792706] ioc0: LSI53C1030 A0: Capabilities={Initiator}
[    9.729393] scsi host2: ioc0: LSI53C1030 A0, FwRev=00000000h, Ports=1, MaxQ=256, IRQ=20
[   10.649642] scsi 2:0:0:0: Direct-Access     VBOX     HARDDISK         1.0  PQ: 0 ANSI: 5
[   10.658862] scsi target2:0:0: Beginning Domain Validation
[   10.668426] scsi target2:0:0: Domain Validation skipping write tests
[   10.674919] scsi target2:0:0: Ending Domain Validation
[   10.679436] scsi target2:0:0: asynchronous
[   10.685305] scsi 2:0:1:0: Direct-Access     VBOX     HARDDISK         1.0  PQ: 0 ANSI: 5
[   10.693733] scsi target2:0:1: Beginning Domain Validation
[   10.702413] scsi target2:0:1: Domain Validation skipping write tests
[   10.708191] scsi target2:0:1: Ending Domain Validation
[   10.712614] scsi target2:0:1: asynchronous
[   10.744824] sd 2:0:0:0: [sda] 20971520 512-byte logical blocks: (10.7 GB/10.0 GiB)
[   10.752012] sd 2:0:0:0: Attached scsi generic sg0 type 0
[   10.757415] sd 2:0:0:0: [sda] Write Protect is off
[   10.757925] sd 2:0:1:0: Attached scsi generic sg1 type 0
[   10.758366] sd 2:0:1:0: [sdb] 20480 512-byte logical blocks: (10.5 MB/10.0 MiB)
[   10.758817] sd 2:0:1:0: [sdb] Write Protect is off
[   10.759140] sd 2:0:1:0: [sdb] Incomplete mode parameter data
[   10.759144] sd 2:0:1:0: [sdb] Assuming drive cache: write through
[   10.766433] sd 2:0:1:0: [sdb] Attached SCSI disk
[   10.798150] sd 2:0:0:0: [sda] Incomplete mode parameter data
[   10.802967] sd 2:0:0:0: [sda] Assuming drive cache: write through
[   10.813024]  sda: sda1
[   10.819464] sd 2:0:0:0: [sda] Attached SCSI disk
Begin: Loading essential drivers ... [   13.911982] md: linear personality registered for level -1
[   13.958417] md: multipath personality registered for level -4
[   13.995338] md: raid0 personality registered for level 0
[   14.075250] md: raid1 personality registered for level 1
[   14.206640] raid6: sse2x1   gen()   191 MB/s
[   14.286160] raid6: sse2x1   xor()   511 MB/s
[   14.390631] raid6: sse2x2   gen()   302 MB/s
[   14.462271] raid6: sse2x2   xor()  1163 MB/s
[   14.535558] raid6: sse2x4   gen()   640 MB/s
[   14.610832] raid6: sse2x4   xor()  1232 MB/s
[   14.615026] raid6: using algorithm sse2x4 gen() 640 MB/s
[   14.622371] raid6: .... xor() 1232 MB/s, rmw enabled
[   14.626709] raid6: using ssse3x2 recovery algorithm
[   14.637608] xor: automatically using best checksumming function:
[   14.774371]    avx       :  3390.000 MB/sec
[   14.783170] async_tx: api initialized (async)
[   14.828739] md: raid6 personality registered for level 6
[   14.836793] md: raid5 personality registered for level 5
[   14.841806] md: raid4 personality registered for level 4
[   14.874096] md: raid10 personality registered for level 10
done.
Begin: Running /scripts/init-premount ... done.
Begin: Mounting root file system ... Begin: Running /scripts/local-top ... done.
Begin: Running /scripts/local-premount ... [   14.996822] Btrfs loaded
Scanning for Btrfs filesystems
done.
Warning: fsck not present, so skipping root file system
[   15.754235] EXT4-fs (sda1): INFO: recovery required on readonly filesystem
[   15.759801] EXT4-fs (sda1): write access will be enabled during recovery
[   16.418965] EXT4-fs (sda1): recovery complete
[   16.424731] EXT4-fs (sda1): mounted filesystem with ordered data mode. Opts: (null)
done.
Begin: Running /scripts/local-bottom ... done.
Begin: Running /scripts/init-bottom ... done.
[   16.746044] random: nonblocking pool is initialized
[   17.571933] systemd[1]: systemd 229 running in system mode. (+PAM +AUDIT +SELINUX +IMA +APPARMOR +SMACK +SYSVINIT +UTMP +LIBCRYPTSETUP +GCRYPT +GNUTLS +ACL +XZ -LZ4 +SECCOMP +BLKID +ELFUTILS +KMOD -IDN)
[   17.612223] systemd[1]: Detected virtualization oracle.
[   17.654313] systemd[1]: Detected architecture x86-64.

Welcome to [1mUbuntu 16.04.6 LTS[0m!

[   17.713717] systemd[1]: Set hostname to <ubuntu-xenial>.
[   18.939786] systemd[1]: [/etc/systemd/system/snap-heroku-3929.mount:10] Unknown lvalue 'LazyUnmount' in section 'Mount'
[   18.975155] systemd[1]: [/etc/systemd/system/snap-heroku-3907.mount:10] Unknown lvalue 'LazyUnmount' in section 'Mount'
[   19.002959] systemd[1]: [/etc/systemd/system/snap-core-9066.mount:10] Unknown lvalue 'LazyUnmount' in section 'Mount'
[   19.083420] systemd[1]: Created slice User and Session Slice.
[[0;32m  OK  [0m] Created slice User and Session Slice.
[   19.092286] systemd[1]: Listening on Journal Audit Socket.
[[0;32m  OK  [0m] Listening on Journal Audit Socket.
[   19.099534] systemd[1]: Listening on Syslog Socket.
[[0;32m  OK  [0m] Listening on Syslog Socket.
[   19.105868] systemd[1]: Reached target User and Group Name Lookups.
[[0;32m  OK  [0m] Reached target User and Group Name Lookups.
[   19.114183] systemd[1]: Listening on Device-mapper event daemon FIFOs.
[[0;32m  OK  [0m] Listening on Device-mapper event daemon FIFOs.
[   19.122836] systemd[1]: Set up automount Arbitrary Executable File Formats File System Automount Point.
[[0;32m  OK  [0m] Set up automount Arbitrary Executab...ats File System Automount Point.
[   19.138065] systemd[1]: Listening on Journal Socket (/dev/log).
[[0;32m  OK  [0m] Listening on Journal Socket (/dev/log).
[   19.146142] systemd[1]: Listening on LVM2 poll daemon socket.
[[0;32m  OK  [0m] Listening on LVM2 poll daemon socket.
[   19.154599] systemd[1]: Reached target Swap.
[[0;32m  OK  [0m] Reached target Swap.
[   19.160991] systemd[1]: Listening on udev Kernel Socket.
[[0;32m  OK  [0m] Listening on udev Kernel Socket.
[   19.183106] systemd[1]: Listening on /dev/initctl Compatibility Named Pipe.
[[0;32m  OK  [0m] Listening on /dev/initctl Compatibility Named Pipe.
[   19.210009] systemd[1]: Reached target Encrypted Volumes.
[[0;32m  OK  [0m] Reached target Encrypted Volumes.
[   19.218674] systemd[1]: Listening on LVM2 metadata daemon socket.
[[0;32m  OK  [0m] Listening on LVM2 metadata daemon socket.
[   19.239855] systemd[1]: Reached target System Time Synchronized.
[[0;32m  OK  [0m] Reached target System Time Synchronized.
[   19.251405] systemd[1]: Listening on Journal Socket.
[[0;32m  OK  [0m] Listening on Journal Socket.
[   19.259681] systemd[1]: Created slice System Slice.
[[0;32m  OK  [0m] Created slice System Slice.
[   19.298698] systemd[1]: Mounting Huge Pages File System...
         Mounting Huge Pages File System...
[   19.317312] systemd[1]: Starting Uncomplicated firewall...
         Starting Uncomplicated firewall...
[   19.340848] systemd[1]: Created slice system-serial\x2dgetty.slice.
[[0;32m  OK  [0m] Created slice system-serial\x2dgetty.slice.
[   19.371069] systemd[1]: Mounting Debug File System...
         Mounting Debug File System...
[   19.395376] systemd[1]: Starting Create list of required static device nodes for the current kernel...
         Starting Create list of required st... nodes for the current kernel...
[   19.423212] systemd[1]: Reached target Slices.
[[0;32m  OK  [0m] Reached target Slices.
[   19.439054] systemd[1]: Mounting POSIX Message Queue File System...
         Mounting POSIX Message Queue File System...
[   19.460879] systemd[1]: Starting Monitoring of LVM2 mirrors, snapshots etc. using dmeventd or progress polling...
         Starting Monitoring of LVM2 mirrors... dmeventd or progress polling...
[   19.479342] systemd[1]: Starting Set console keymap...
         Starting Set console keymap...
[   19.493574] systemd[1]: Starting Nameserver information manager...
         Starting Nameserver information manager...
[   19.533597] systemd[1]: Starting Load Kernel Modules...
         Starting Load Kernel Modules...
[   19.575544] systemd[1]: Starting Journal Service...
         Starting Journal Service...
[   19.589473] systemd[1]: Starting Remount Root and Kernel File Systems...
         Starting Remount Root and Kernel File Systems...
[   19.622861] systemd[1]: Created slice system-postgresql.slice.
[[0;32m  OK  [0m] Created slice system-postgresql.slice.
[   19.637633] systemd[1]: Listening on udev Control Socket.
[[0;32m  OK  [0m] Listening on udev Control Socket.[   19.651305] EXT4-fs (sda1): re-mounted. Opts: (null)

[   19.659804] systemd[1]: Started Trigger resolvconf update for networkd DNS.
[[0;32m  OK  [0m] Started Trigger resolvconf update for networkd DNS.
[   19.718348] Loading iSCSI transport class v2.0-870.
[   19.746507] systemd[1]: Started Forward Password Requests to Wall Directory Watch.
[[0;32m  OK  [0m] Started Forward Password Requests to Wall Directory Watch.
[   19.804779] systemd[1]: Mounted POSIX Message Queue File System.
[[0;32m  OK  [0m] Mounted POSIX Message Queue File System.
[   19.852076] systemd[1]: Mounted Huge Pages File System.
[[0;32m  OK  [0m] Mounted Huge Pages File System.
[   20.055048] systemd[1]: Mounted Debug File System.
[[0;32m  OK  [0m] Mounted Debug File System.
[   20.129741] systemd[1]: Started Uncomplicated firewall.
[[0;32m  OK  [0m] Started Uncomplicated firewall.
[   20.149226] systemd[1]: Started Create list of required static device nodes for the current kernel.
[[0;32m  OK  [0m] Started Create list of required sta...ce nodes for the current kernel.
[   20.235937] iscsi: registered transport (tcp)
[   20.256813] systemd[1]: Started Remount Root and Kernel File Systems.
[[0;32m  OK  [0m] Started Remount Root and Kernel File Systems.
[   20.281856] systemd[1]: Started Journal Service.
[[0;32m  OK  [0m] Started Journal Service.
[[0;32m  OK  [0m] Started LVM2 metadata daemon.
         Starting Flush Journal to Persistent Storage...
         Starting udev Coldplug all Devices...
         Starting Load/Save Random Seed...
         Starting Create Static Device Nodes in /dev...
[[0;32m  OK  [0m] Started Set console keymap.
[[0;32m  OK  [0m] Started Nameserver information manager.
[   20.580545] systemd-journald[413]: Received request to flush runtime journal from PID 1
[[0;32m  OK  [0m] Started Flush Journal to Persistent Storage.
[[0;32m  OK  [0m] Started Load/Save Random Seed.
[[0;32m  OK  [0m] Started udev Coldplug all Devices.
[   20.828166] iscsi: registered transport (iser)
[[0;32m  OK  [0m] Started Monitoring of LVM2 mirrors,...ng dmeventd or progress polling.
[[0;32m  OK  [0m] Started Load Kernel Modules.
         Mounting FUSE Control File System...
         Starting Apply Kernel Variables...
[[0;32m  OK  [0m] Mounted FUSE Control File System.
[[0;32m  OK  [0m] Started Create Static Device Nodes in /dev.
         Starting udev Kernel Device Manager...
[[0;32m  OK  [0m] Reached target Local File Systems (Pre).
[[0;32m  OK  [0m] Reached target Local File Systems.
         Starting Tell Plymouth To Write Out Runtime Data...
         Starting LSB: AppArmor initialization...
         Starting Create Volatile Files and Directories...
         Starting Initial cloud-init job (pre-networking)...
         Starting Set console font and keymap...
         Mounting Mount unit for core, revision 9066...
         Mounting Mount unit for heroku, revision 3907...
         Mounting Mount unit for heroku, revision 3929...
[[0;32m  OK  [0m] Mounted Mount unit for core, revision 9066.
[[0;32m  OK  [0m] Started Apply Kernel Variables.
[[0;32m  OK  [0m] Started Tell Plymouth To Write Out Runtime Data.
[[0;32m  OK  [0m] Started Create Volatile Files and Directories.
[[0;32m  OK  [0m] Mounted Mount unit for heroku, revision 3907.
         Starting Update UTMP about System Boot/Shutdown...
[[0;32m  OK  [0m] Mounted Mount unit for heroku, revision 3929.
[[0;32m  OK  [0m] Started Update UTMP about System Boot/Shutdown.
[[0;32m  OK  [0m] Started udev Kernel Device Manager.
[[0;32m  OK  [0m] Started Dispatch Password Requests to Console Directory Watch.
[[0;32m  OK  [0m] Started LSB: AppArmor initialization.
[[0;32m  OK  [0m] Started Set console font and keymap.
[[0;32m  OK  [0m] Created slice system-getty.slice.
[[0;32m  OK  [0m] Found device /dev/ttyS0.
[[0;32m  OK  [0m] Found device 82540EM Gigabit Ethern...r (PRO/1000 MT Desktop Adapter).
[[0;32m  OK  [0m] Listening on Load/Save RF Kill Switch Status /dev/rfkill Watch.
[[0;32m  OK  [0m] Found device 82540EM Gigabit Ethern...r (PRO/1000 MT Desktop Adapter).
[   29.091612] cloud-init[501]: Cloud-init v. 19.4-33-gbb4131a2-0ubuntu1~16.04.1 running 'init-local' at Sun, 24 May 2020 05:11:20 +0000. Up 27.01 seconds.
[[0;32m  OK  [0m] Started Initial cloud-init job (pre-networking).
[[0;32m  OK  [0m] Reached target Network (Pre).
[[0;32m  OK  [0m] Started ifup for enp0s8.
         Starting Raise network interfaces...
[[0;32m  OK  [0m] Started ifup for enp0s3.
[[0;32m  OK  [0m] Started Raise network interfaces.
[[0;32m  OK  [0m] Reached target Network.
         Starting Initial cloud-init job (metadata service crawler)...
[   35.339476] cloud-init[1155]: Cloud-init v. 19.4-33-gbb4131a2-0ubuntu1~16.04.1 running 'init' at Sun, 24 May 2020 05:11:26 +0000. Up 33.33 seconds.
[   35.348108] cloud-init[1155]: ci-info: ++++++++++++++++++++++++++++++++++++++Net device info++++++++++++++++++++++++++++++++++++++
[   35.362532] cloud-init[1155]: ci-info: +--------+------+----------------------------+---------------+--------+-------------------+
[   35.385015] cloud-init[1155]: ci-info: | Device |  Up  |          Address           |      Mask     | Scope  |     Hw-Address    |
[   35.393343] cloud-init[1155]: ci-info: +--------+------+----------------------------+---------------+--------+-------------------+
[   35.400493] cloud-init[1155]: ci-info: | enp0s3 | True |         10.0.2.15          | 255.255.255.0 | global | 02:0a:da:58:a4:e2 |
[   35.431407] cloud-init[1155]: ci-info: | enp0s3 | True | fe80::a:daff:fe58:a4e2/64  |       .       |  link  | 02:0a:da:58:a4:e2 |
[   35.439518] cloud-init[1155]: ci-info: | enp0s8 | True |       192.168.33.10        | 255.255.255.0 | global | 08:00:27:e6:05:d4 |
[   35.448049] cloud-init[1155]: ci-info: | enp0s8 | True | fe80::a00:27ff:fee6:5d4/64 |       .       |  link  | 08:00:27:e6:05:d4 |
[   35.455844] cloud-init[1155]: ci-info: |   lo   | True |         127.0.0.1          |   255.0.0.0   |  host  |         .         |
[   35.494513] cloud-init[1155]: ci-info: |   lo   | True |          ::1/128           |       .       |  host  |         .         |
[   35.501705] cloud-init[1155]: ci-info: +--------+------+----------------------------+---------------+--------+-------------------+
[   35.509324] cloud-init[1155]: ci-info: ++++++++++++++++++++++++++++Route IPv4 info++++++++++++++++++++++++++++
[   35.517253] cloud-init[1155]: ci-info: +-------+--------------+----------+---------------+-----------+-------+
[   35.534635] cloud-init[1155]: ci-info: | Route | Destination  | Gateway  |    Genmask    | Interface | Flags |
[   35.544964] cloud-init[1155]: ci-info: +-------+--------------+----------+---------------+-----------+-------+
[   35.565911] cloud-init[1155]: ci-info: |   0   |   0.0.0.0    | 10.0.2.2 |    0.0.0.0    |   enp0s3  |   UG  |
[   35.572491] cloud-init[1155]: ci-info: |   1   |   10.0.2.0   | 0.0.0.0  | 255.255.255.0 |   enp0s3  |   U   |
[   35.579341] cloud-init[1155]: ci-info: |   2   | 192.168.33.0 | 0.0.0.0  | 255.255.255.0 |   enp0s8  |   U   |
[   35.611625] cloud-init[1155]: ci-info: +-------+--------------+----------+---------------+-----------+-------+
[   35.619450] cloud-init[1155]: ci-info: +++++++++++++++++++Route IPv6 info+++++++++++++++++++
[   35.625781] cloud-init[1155]: ci-info: +-------+-------------+---------+-----------+-------+
[   35.633855] cloud-init[1155]: ci-info: | Route | Destination | Gateway | Interface | Flags |
[   35.683731] cloud-init[1155]: ci-info: +-------+-------------+---------+-----------+-------+
[   35.690163] cloud-init[1155]: ci-info: |   0   |  fe80::/64  |    ::   |   enp0s8  |   U   |
[   35.701621] cloud-init[1155]: ci-info: |   1   |  fe80::/64  |    ::   |   enp0s3  |   U   |
[   35.709890] cloud-init[1155]: ci-info: |   6   |   ff00::/8  |    ::   |   enp0s8  |   U   |
[   35.715851] cloud-init[1155]: ci-info: |   7   |   ff00::/8  |    ::   |   enp0s3  |   U   |
[   35.815341] cloud-init[1155]: ci-info: +-------+-------------+---------+-----------+-------+
[[0;32m  OK  [0m] Started Initial cloud-init job (metadata service crawler).
[[0;32m  OK  [0m] Reached target System Initialization.
         Starting LXD - unix socket.
[[0;32m  OK  [0m] Started ACPI Events Check.
[[0;32m  OK  [0m] Reached target Paths.
[[0;32m  OK  [0m] Started Daily Cleanup of Temporary Directories.
[[0;32m  OK  [0m] Listening on ACPID Listen Socket.
[[0;32m  OK  [0m] Started Message of the Day.
         Starting Socket activation for snappy daemon.
[[0;32m  OK  [0m] Started Daily apt download activities.
[[0;32m  OK  [0m] Started Daily apt upgrade and clean activities.
[[0;32m  OK  [0m] Listening on D-Bus System Message Bus Socket.
[[0;32m  OK  [0m] Reached target Timers.
[[0;32m  OK  [0m] Listening on UUID daemon activation socket.
[[0;32m  OK  [0m] Reached target Network is Online.
         Starting iSCSI initiator daemon (iscsid)...
[[0;32m  OK  [0m] Reached target Cloud-config availability.
[[0;32m  OK  [0m] Listening on LXD - unix socket.
[[0;32m  OK  [0m] Listening on Socket activation for snappy daemon.
[[0;32m  OK  [0m] Reached target Sockets.
[[0;32m  OK  [0m] Reached target Basic System.
         Starting System Logging Service...
         Starting Login Service...
[[0;32m  OK  [0m] Started D-Bus System Message Bus.
         Starting LXD - container startup/shutdown...
         Starting PostgreSQL Cluster 9.5-main...
[[0;32m  OK  [0m] Started Regular background program processing daemon.
         Starting Accounts Service...
         Starting vboxadd.service...
[[0;32m  OK  [0m] Started FUSE filesystem for LXC.
         Starting Snappy daemon...
         Starting LSB: MD monitoring daemon...
         Starting /etc/rc.local Compatibility...
[[0;32m  OK  [0m] Started ACPI event daemon.
         Starting OpenBSD Secure Shell server...
[[0;32m  OK  [0m] Started Deferred execution scheduler.
         Starting LSB: Record successful boot for GRUB...
         Starting Message of the Day...
[[0;32m  OK  [0m] Started System Logging Service.
[[0;32m  OK  [0m] Started /etc/rc.local Compatibility.
[[0;32m  OK  [0m] Started Login Service.
[[0;32m  OK  [0m] Started Unattended Upgrades Shutdown.
[[0;32m  OK  [0m] Started iSCSI initiator daemon (iscsid).
         Starting Login to default iSCSI targets...
[[0;32m  OK  [0m] Started LSB: Record successful boot for GRUB.
[[0;32m  OK  [0m] Started LSB: MD monitoring daemon.
[[0;32m  OK  [0m] Started Login to default iSCSI targets.
[[0;32m  OK  [0m] Reached target Remote File Systems (Pre).
[[0;32m  OK  [0m] Reached target Remote File Systems.
         Starting LSB: Start/stop sysstat's sadc...
         Starting LSB: daemon to balance interrupts for SMP systems...
         Starting Permit User Sessions...
         Starting LSB: Set the CPU Frequency Scaling governor to "ondemand"...
         Starting LSB: automatic crash report generation...
[[0;32m  OK  [0m] Started LSB: Set the CPU Frequency Scaling governor to "ondemand".
[[0;32m  OK  [0m] Started Permit User Sessions.
         Starting Terminate Plymouth Boot Screen...
         Starting Hold until boot process finishes up...
[[0;32m  OK  [0m] Started Terminate Plymouth Boot Screen.
[[0;32m  OK  [0m] Started Hold until boot process finishes up.
         Starting Set console scheme...
[[0;32m  OK  [0m] Started Getty on tty1.
[[0;32m  OK  [0m] Started Serial Getty on ttyS0.
[[0;32m  OK  [0m] Reached target Login Prompts.
         Starting Authenticate and Authorize Users to Run Privileged Tasks...
[[0;32m  OK  [0m] Started LSB: daemon to balance interrupts for SMP systems.
[[0;32m  OK  [0m] Started Set console scheme.
[[0;32m  OK  [0m] Started LSB: Start/stop sysstat's sadc.
[[0;32m  OK  [0m] Started OpenBSD Secure Shell server.
[[0;32m  OK  [0m] Started LXD - container startup/shutdown.
[[0;32m  OK  [0m] Started Authenticate and Authorize Users to Run Privileged Tasks.
[[0;32m  OK  [0m] Started LSB: automatic crash report generation.
[[0;32m  OK  [0m] Started Accounts Service.
[[0;32m  OK  [0m] Created slice User Slice of vagrant.
         Starting User Manager for UID 1000...
[[0;32m  OK  [0m] Started Session 1 of user vagrant.
[[0;32m  OK  [0m] Started User Manager for UID 1000.

Ubuntu 16.04.6 LTS ubuntu-xenial ttyS0

ubuntu-xenial login: [   61.076825] cloud-init[1579]: Cloud-init v. 19.4-33-gbb4131a2-0ubuntu1~16.04.1 running 'modules:config' at Sun, 24 May 2020 05:11:52 +0000. Up 59.05 seconds.
[   64.840406] cloud-init[1792]: Cloud-init v. 19.4-33-gbb4131a2-0ubuntu1~16.04.1 running 'modules:final' at Sun, 24 May 2020 05:11:57 +0000. Up 63.96 seconds.
[   64.853153] cloud-init[1792]: Cloud-init v. 19.4-33-gbb4131a2-0ubuntu1~16.04.1 finished at Sun, 24 May 2020 05:11:58 +0000. Datasource DataSourceNoCloud [seed=/dev/sdb][dsmode=net].  Up 64.78 seconds
